[2026-06-28 17:27:31,670] INFO django.utils.autoreload: Watching for file changes with StatReloader
[2026-06-28 21:42:42,492] INFO django.utils.autoreload: Watching for file changes with StatReloader
[2026-06-28 21:43:28,872] WARNING django.request: Not Found: /city/get/
[2026-06-28 21:43:38,087] WARNING django.request: Not Found: /city/get/
[2026-06-28 21:44:13,583] INFO django.utils.autoreload: Watching for file changes with StatReloader
[2026-06-28 21:44:22,266] WARNING django.request: Not Found: /cit/esget/i
[2026-06-28 21:44:24,219] WARNING django.request: Not Found: /cities/get/i
[2026-06-28 21:44:26,768] WARNING django.request: Unauthorized: /cities/get/
[2026-06-28 21:47:29,940] WARNING django.request: Unsupported Media Type: /accounts/login
[2026-06-28 21:47:46,294] WARNING accounts.views: Invalid login attempt : john_doe_92
[2026-06-28 21:47:46,294] WARNING django.request: Unauthorized: /accounts/login
[2026-06-28 21:47:55,821] WARNING accounts.views: Invalid login attempt : john_doe_92
[2026-06-28 21:47:55,821] WARNING django.request: Unauthorized: /accounts/login
[2026-06-28 21:49:27,064] INFO django.utils.autoreload: D:\weatherapp\src\weather\cities\views.py changed, reloading.
[2026-06-28 21:49:27,625] INFO django.utils.autoreload: Watching for file changes with StatReloader
[2026-06-28 21:50:12,035] INFO django.utils.autoreload: D:\weatherapp\src\weather\cities\views.py changed, reloading.
[2026-06-28 21:50:12,668] INFO django.utils.autoreload: Watching for file changes with StatReloader
[2026-06-28 21:50:26,725] INFO accounts.views: Login successful : john_doe_92
[2026-06-28 21:50:34,041] INFO django.utils.autoreload: D:\weatherapp\src\weather\cities\views.py changed, reloading.
[2026-06-28 21:50:34,855] INFO django.utils.autoreload: Watching for file changes with StatReloader
[2026-06-28 21:53:04,457] INFO cities.views: john_doe_92 added city Pune
[2026-06-28 21:53:12,350] INFO accounts.views: Login successful : john_doe_92
[2026-06-29 00:10:15,759] INFO django.utils.autoreload: Watching for file changes with StatReloader
[2026-06-29 22:03:16,389] INFO django.utils.autoreload: Watching for file changes with StatReloader
[2026-06-29 22:03:41,760] WARNING django.request: Unauthorized: /weatherapp/weather/current
[2026-06-29 22:03:44,139] WARNING django.request: Unauthorized: /weatherapp/weather/current
[2026-06-29 22:03:50,559] INFO django.utils.autoreload: D:\weatherapp\src\weather\weatherapp\views.py changed, reloading.
[2026-06-29 22:03:51,337] INFO django.utils.autoreload: Watching for file changes with StatReloader
[2026-07-01 18:31:40,426] INFO django.utils.autoreload: Watching for file changes with StatReloader
[2026-07-01 18:43:26,662] INFO django.utils.autoreload: Watching for file changes with StatReloader
[2026-07-02 14:35:08,659] INFO django.utils.autoreload: Watching for file changes with StatReloader
[2026-07-02 14:37:05,046] INFO django.utils.autoreload: Watching for file changes with StatReloader
[2026-07-02 14:38:29,292] INFO django.utils.autoreload: Watching for file changes with StatReloader
[2026-07-02 14:39:59,249] INFO django.utils.autoreload: Watching for file changes with StatReloader
[2026-07-02 14:40:19,205] INFO django.utils.autoreload: Watching for file changes with StatReloader
[2026-07-02 14:42:13,321] INFO django.utils.autoreload: Watching for file changes with StatReloader
[2026-07-02 17:45:02,249] INFO django.utils.autoreload: Watching for file changes with StatReloader
[2026-07-03 17:29:28,358] INFO django.utils.autoreload: Watching for file changes with StatReloader
[2026-07-03 17:30:04,948] INFO django.utils.autoreload: Watching for file changes with StatReloader
[2026-07-03 17:30:34,530] INFO django.utils.autoreload: Watching for file changes with StatReloader
[2026-07-03 17:31:01,141] INFO django.utils.autoreload: /app/src/weather/weather/celery.py changed, reloading.
[2026-07-03 17:31:03,046] INFO django.utils.autoreload: Watching for file changes with StatReloader
[2026-07-03 17:31:19,128] INFO django.utils.autoreload: Watching for file changes with StatReloader
[2026-07-04 12:52:18,464] INFO django.utils.autoreload: Watching for file changes with StatReloader
[2026-07-04 12:53:32,933] INFO django.utils.autoreload: Watching for file changes with StatReloader
[2026-07-04 12:58:29,204] INFO django.utils.autoreload: Watching for file changes with StatReloader
[2026-07-04 13:51:04,183] INFO django.utils.autoreload: Watching for file changes with StatReloader
[2026-07-04 13:51:42,166] INFO flower.command: Visit me at http://0.0.0.0:5555
[2026-07-04 13:51:42,202] INFO flower.command: Broker: redis://redis:6379/0
[2026-07-04 13:51:42,206] INFO flower.command: Registered tasks: 
['celery.accumulate',
 'celery.backend_cleanup',
 'celery.chain',
 'celery.chord',
 'celery.chord_unlock',
 'celery.chunks',
 'celery.group',
 'celery.map',
 'celery.starmap',
 'weatherapp.tasks.test_task',
 'weatherapp.tasks.update_weather_data']
[2026-07-04 13:51:42,265] INFO kombu.mixins: Connected to redis://redis:6379/0
[2026-07-04 13:51:42,536] INFO django.utils.autoreload: Watching for file changes with StatReloader
[2026-07-04 13:51:43,336] WARNING flower.inspector: Inspect method reserved failed
[2026-07-04 13:51:43,337] WARNING flower.inspector: Inspect method registered failed
[2026-07-04 13:51:43,337] WARNING flower.inspector: Inspect method scheduled failed
[2026-07-04 13:51:43,348] WARNING flower.inspector: Inspect method active failed
[2026-07-04 13:51:43,349] WARNING flower.inspector: Inspect method stats failed
[2026-07-04 13:51:43,352] WARNING flower.inspector: Inspect method revoked failed
[2026-07-04 13:51:43,354] WARNING flower.inspector: Inspect method conf failed
[2026-07-04 13:51:43,356] WARNING flower.inspector: Inspect method active_queues failed
[2026-07-04 13:53:07,436] INFO flower.command: 15 detected, shutting down
